/Users/clementcombier/Documents/Workspace/Uni/Cours/Sys embarqués/LoRaWan-E5-Node/Projects/Applications/LoRaWAN/LoRaWAN_End_Node/Core/Src/main.c:157:6:Error_Handler	0	static,ignoring_inline_asm
/Users/clementcombier/Documents/Workspace/Uni/Cours/Sys embarqués/LoRaWan-E5-Node/Projects/Applications/LoRaWAN/LoRaWAN_End_Node/Core/Src/main.c:108:6:SystemClock_Config	112	static
/Users/clementcombier/Documents/Workspace/Uni/Cours/Sys embarqués/LoRaWan-E5-Node/Projects/Applications/LoRaWAN/LoRaWAN_End_Node/Core/Src/main.c:64:5:main	8	static
