/Users/clementcombier/Documents/Workspace/Uni/Cours/Sys embarqués/LoRaWan-E5-Node/Projects/Applications/LoRaWAN/LoRaWAN_End_Node/Core/Src/sys_debug.c:97:6:DBG_ConfigForLpm	8	static
/Users/clementcombier/Documents/Workspace/Uni/Cours/Sys embarqués/LoRaWan-E5-Node/Projects/Applications/LoRaWAN/LoRaWAN_End_Node/Core/Src/sys_debug.c:65:6:DBG_Disable	32	static
/Users/clementcombier/Documents/Workspace/Uni/Cours/Sys embarqués/LoRaWan-E5-Node/Projects/Applications/LoRaWAN/LoRaWAN_End_Node/Core/Src/sys_debug.c:133:6:DBG_ProbesInit	0	static
