/Users/clementcombier/Documents/Workspace/Uni/Cours/Sys embarqués/LoRaWan-E5-Node/Projects/Applications/LoRaWAN/LoRaWAN_End_Node/LoRaWAN/App/lora_app.c:474:13:OnTxTimerLedEvent	0	static
/Users/clementcombier/Documents/Workspace/Uni/Cours/Sys embarqués/LoRaWan-E5-Node/Projects/Applications/LoRaWAN/LoRaWAN_End_Node/LoRaWAN/App/lora_app.c:478:13:OnRxTimerLedEvent	0	static
/Users/clementcombier/Documents/Workspace/Uni/Cours/Sys embarqués/LoRaWan-E5-Node/Projects/Applications/LoRaWAN/LoRaWAN_End_Node/LoRaWAN/App/lora_app.c:488:13:OnTxData	24	static
/Users/clementcombier/Documents/Workspace/Uni/Cours/Sys embarqués/LoRaWan-E5-Node/Projects/Applications/LoRaWAN/LoRaWAN_End_Node/LoRaWAN/App/lora_app.c:459:13:OnTxTimerEvent	8	static
/Users/clementcombier/Documents/Workspace/Uni/Cours/Sys embarqués/LoRaWan-E5-Node/Projects/Applications/LoRaWAN/LoRaWAN_End_Node/LoRaWAN/App/lora_app.c:547:13:OnMacProcessNotify	8	static
/Users/clementcombier/Documents/Workspace/Uni/Cours/Sys embarqués/LoRaWan-E5-Node/Projects/Applications/LoRaWAN/LoRaWAN_End_Node/LoRaWAN/App/lora_app.c:312:13:OnRxData	40	static
/Users/clementcombier/Documents/Workspace/Uni/Cours/Sys embarqués/LoRaWan-E5-Node/Projects/Applications/LoRaWAN/LoRaWAN_End_Node/LoRaWAN/App/lora_app.c:515:13:OnJoinRequest	32	static
/Users/clementcombier/Documents/Workspace/Uni/Cours/Sys embarqués/LoRaWan-E5-Node/Projects/Applications/LoRaWAN/LoRaWAN_End_Node/LoRaWAN/App/lora_app.c:380:13:SendTxData	64	static
/Users/clementcombier/Documents/Workspace/Uni/Cours/Sys embarqués/LoRaWan-E5-Node/Projects/Applications/LoRaWAN/LoRaWAN_End_Node/LoRaWAN/App/lora_app.c:482:13:OnJoinTimerLedEvent	8	static
/Users/clementcombier/Documents/Workspace/Uni/Cours/Sys embarqués/LoRaWan-E5-Node/Projects/Applications/LoRaWAN/LoRaWAN_End_Node/LoRaWAN/App/lora_app.c:211:6:LoRaWAN_Init	48	static
/Users/clementcombier/Documents/Workspace/Uni/Cours/Sys embarqués/LoRaWan-E5-Node/Projects/Applications/LoRaWAN/LoRaWAN_End_Node/LoRaWAN/App/lora_app.c:293:6:HAL_GPIO_EXTI_Callback	8	static
